Script started on Thu 13 Sep 2018 05:42:33 PM EDT
[?1034hbash-4.2$ cd ~/os161/root
bash-4.2$ cs161-gdb kerna[Kel
[?1034hGNU gdb 6.6
Copyright (C) 2006 Free Software Foundation, Inc.
GDB is free software, covered by the GNU General Public License, and you are
welcome to change it and/or distribute copies of it under certain conditions.
Type "show copying" to see the conditions.
There is absolutely no warranty for GDB.  Type "show warranty" for details.
This GDB was configured as "--host=x86_64-unknown-linux-gnu --target=mips-elf"...
(gdb) target remote unit[Kx:.sockets/gdb
Remote debugging using unix:.sockets/gdb
__start () at ../../arch/mips/mips/start.S:24
24	../../arch/mips/mips/start.S: No such file or directory.
	in ../../arch/mips/mips/start.S
Current language:  auto; currently asm
(gdb) brte[K[Keak menu
Breakpoint 1 at 0x8001ba7c
(gdb) c
Continuing.

Breakpoint 1, 0xffffffff8001ba7c in menu ()
(gdb) where
#0  0xffffffff8001ba7c in menu ()
#1  0xffffffff8001a9ac in kmain ()
#2  0xffffffff8000d274 in __start () at ../../arch/mips/mips/start.S:163
(gdb) detach
Ending remote debugging.
(gdb) quit
bash-4.2$ p /sbin/poweroo[Kff
bash: p: command not found
bash-4.2$ p /sbin/poweroff[K[K[K[K[K[K[K[K[K[K[K[K[K[K[K[Kexit

Script done on Thu 13 Sep 2018 05:45:06 PM EDT
